// Jest Snapshot v1, https://goo.gl/fbAQLP

exports[`ProductsListComponent should match snapshot 1`] = `
<div
  id="root1"
>
  <ul
    class="mb-4 grid grid-cols-1 gap-4 sm:grid-cols-2"
  >
    
  </ul>
</div>
`;
